Archive member included to satisfy reference by file (symbol)

c:/program files (x86)/atollic/truestudio for stm32 9.3.0/armtools/bin/../lib/gcc/arm-atollic-eabi/6.3.1/../../../../arm-atollic-eabi/lib/armv6-m\libc_nano.a(lib_a-init.o)
                              src\startup_stm32f051x8.o (__libc_init_array)
c:/program files (x86)/atollic/truestudio for stm32 9.3.0/armtools/bin/../lib/gcc/arm-atollic-eabi/6.3.1/../../../../arm-atollic-eabi/lib/armv6-m\libc_nano.a(lib_a-strlen.o)
                              src\tiny_printf.o (strlen)
c:/program files (x86)/atollic/truestudio for stm32 9.3.0/armtools/bin/../lib/gcc/arm-atollic-eabi/6.3.1/armv6-m\libgcc.a(_udivsi3.o)
                              src\system_stm32f0xx.o (__aeabi_uidiv)
c:/program files (x86)/atollic/truestudio for stm32 9.3.0/armtools/bin/../lib/gcc/arm-atollic-eabi/6.3.1/armv6-m\libgcc.a(_divsi3.o)
                              src\tiny_printf.o (__aeabi_idiv)
c:/program files (x86)/atollic/truestudio for stm32 9.3.0/armtools/bin/../lib/gcc/arm-atollic-eabi/6.3.1/armv6-m\libgcc.a(_dvmd_tls.o)
                              c:/program files (x86)/atollic/truestudio for stm32 9.3.0/armtools/bin/../lib/gcc/arm-atollic-eabi/6.3.1/armv6-m\libgcc.a(_udivsi3.o) (__aeabi_idiv0)
c:/program files (x86)/atollic/truestudio for stm32 9.3.0/armtools/bin/../lib/gcc/arm-atollic-eabi/6.3.1/../../../../arm-atollic-eabi/lib/armv6-m\libnosys.a(write.o)
                              src\tiny_printf.o (_write)
c:/program files (x86)/atollic/truestudio for stm32 9.3.0/armtools/bin/../lib/gcc/arm-atollic-eabi/6.3.1/../../../../arm-atollic-eabi/lib/armv6-m\libnosys.a(errno.o)
                              c:/program files (x86)/atollic/truestudio for stm32 9.3.0/armtools/bin/../lib/gcc/arm-atollic-eabi/6.3.1/../../../../arm-atollic-eabi/lib/armv6-m\libnosys.a(write.o) (errno)

Allocating common symbols
Common symbol       size              file

errno               0x4               c:/program files (x86)/atollic/truestudio for stm32 9.3.0/armtools/bin/../lib/gcc/arm-atollic-eabi/6.3.1/../../../../arm-atollic-eabi/lib/armv6-m\libnosys.a(errno.o)

Discarded input sections

 .text          0x00000000        0x0 c:/program files (x86)/atollic/truestudio for stm32 9.3.0/armtools/bin/../lib/gcc/arm-atollic-eabi/6.3.1/armv6-m/crti.o
 .data          0x00000000        0x0 c:/program files (x86)/atollic/truestudio for stm32 9.3.0/armtools/bin/../lib/gcc/arm-atollic-eabi/6.3.1/armv6-m/crti.o
 .bss           0x00000000        0x0 c:/program files (x86)/atollic/truestudio for stm32 9.3.0/armtools/bin/../lib/gcc/arm-atollic-eabi/6.3.1/armv6-m/crti.o
 .data          0x00000000        0x4 c:/program files (x86)/atollic/truestudio for stm32 9.3.0/armtools/bin/../lib/gcc/arm-atollic-eabi/6.3.1/armv6-m/crtbegin.o
 .text          0x00000000        0x0 src\main.o
 .data          0x00000000        0x0 src\main.o
 .bss           0x00000000        0x0 src\main.o
 .bss.i         0x00000000        0x4 src\main.o
 .data.increase
                0x00000000        0x4 src\main.o
 .text          0x00000000       0x14 src\startup_stm32f051x8.o
 .data          0x00000000        0x0 src\startup_stm32f051x8.o
 .bss           0x00000000        0x0 src\startup_stm32f051x8.o
 .text          0x00000000        0x0 src\system_stm32f0xx.o
 .data          0x00000000        0x0 src\system_stm32f0xx.o
 .bss           0x00000000        0x0 src\system_stm32f0xx.o
 .data.SystemCoreClock
                0x00000000        0x4 src\system_stm32f0xx.o
 .rodata.AHBPrescTable
                0x00000000       0x10 src\system_stm32f0xx.o
 .rodata.APBPrescTable
                0x00000000        0x8 src\system_stm32f0xx.o
 .text.SystemCoreClockUpdate
                0x00000000       0xd8 src\system_stm32f0xx.o
 .text          0x00000000        0x0 src\tiny_printf.o
 .data          0x00000000        0x0 src\tiny_printf.o
 .bss           0x00000000        0x0 src\tiny_printf.o
 .text.ts_itoa  0x00000000       0x98 src\tiny_printf.o
 .text.ts_formatstring
                0x00000000      0x12c src\tiny_printf.o
 .text.ts_formatlength
                0x00000000       0xa8 src\tiny_printf.o
 .rodata.ts_formatlength
                0x00000000       0x84 src\tiny_printf.o
 .text.siprintf
                0x00000000       0x30 src\tiny_printf.o
 .text.fiprintf
                0x00000000       0xc8 src\tiny_printf.o
 .text.iprintf  0x00000000       0xc0 src\tiny_printf.o
 .rodata        0x00000000        0x2 src\tiny_printf.o
 .text.fputs    0x00000000       0x70 src\tiny_printf.o
 .text.puts     0x00000000       0x60 src\tiny_printf.o
 .text.fwrite   0x00000000       0x3a src\tiny_printf.o
 .debug_info    0x00000000      0xc78 src\tiny_printf.o
 .debug_abbrev  0x00000000      0x262 src\tiny_printf.o
 .debug_aranges
                0x00000000       0x60 src\tiny_printf.o
 .debug_ranges  0x00000000       0x50 src\tiny_printf.o
 .debug_line    0x00000000      0x2bf src\tiny_printf.o
 .debug_str     0x00000000      0x685 src\tiny_printf.o
 .comment       0x00000000       0x7d src\tiny_printf.o
 .debug_frame   0x00000000      0x140 src\tiny_printf.o
 .ARM.attributes
                0x00000000       0x31 src\tiny_printf.o
 .text          0x00000000        0x0 c:/program files (x86)/atollic/truestudio for stm32 9.3.0/armtools/bin/../lib/gcc/arm-atollic-eabi/6.3.1/../../../../arm-atollic-eabi/lib/armv6-m\libc_nano.a(lib_a-init.o)
 .data          0x00000000        0x0 c:/program files (x86)/atollic/truestudio for stm32 9.3.0/armtools/bin/../lib/gcc/arm-atollic-eabi/6.3.1/../../../../arm-atollic-eabi/lib/armv6-m\libc_nano.a(lib_a-init.o)
 .bss           0x00000000        0x0 c:/program files (x86)/atollic/truestudio for stm32 9.3.0/armtools/bin/../lib/gcc/arm-atollic-eabi/6.3.1/../../../../arm-atollic-eabi/lib/armv6-m\libc_nano.a(lib_a-init.o)
 .text          0x00000000        0xe c:/program files (x86)/atollic/truestudio for stm32 9.3.0/armtools/bin/../lib/gcc/arm-atollic-eabi/6.3.1/../../../../arm-atollic-eabi/lib/armv6-m\libc_nano.a(lib_a-strlen.o)
 .data          0x00000000        0x0 c:/program files (x86)/atollic/truestudio for stm32 9.3.0/armtools/bin/../lib/gcc/arm-atollic-eabi/6.3.1/../../../../arm-atollic-eabi/lib/armv6-m\libc_nano.a(lib_a-strlen.o)
 .bss           0x00000000        0x0 c:/program files (x86)/atollic/truestudio for stm32 9.3.0/armtools/bin/../lib/gcc/arm-atollic-eabi/6.3.1/../../../../arm-atollic-eabi/lib/armv6-m\libc_nano.a(lib_a-strlen.o)
 .ARM.attributes
                0x00000000       0x1c c:/program files (x86)/atollic/truestudio for stm32 9.3.0/armtools/bin/../lib/gcc/arm-atollic-eabi/6.3.1/../../../../arm-atollic-eabi/lib/armv6-m\libc_nano.a(lib_a-strlen.o)
 .text          0x00000000      0x114 c:/program files (x86)/atollic/truestudio for stm32 9.3.0/armtools/bin/../lib/gcc/arm-atollic-eabi/6.3.1/armv6-m\libgcc.a(_udivsi3.o)
 .data          0x00000000        0x0 c:/program files (x86)/atollic/truestudio for stm32 9.3.0/armtools/bin/../lib/gcc/arm-atollic-eabi/6.3.1/armv6-m\libgcc.a(_udivsi3.o)
 .bss           0x00000000        0x0 c:/program files (x86)/atollic/truestudio for stm32 9.3.0/armtools/bin/../lib/gcc/arm-atollic-eabi/6.3.1/armv6-m\libgcc.a(_udivsi3.o)
 .debug_frame   0x00000000       0x20 c:/program files (x86)/atollic/truestudio for stm32 9.3.0/armtools/bin/../lib/gcc/arm-atollic-eabi/6.3.1/armv6-m\libgcc.a(_udivsi3.o)
 .ARM.attributes
                0x00000000       0x1e c:/program files (x86)/atollic/truestudio for stm32 9.3.0/armtools/bin/../lib/gcc/arm-atollic-eabi/6.3.1/armv6-m\libgcc.a(_udivsi3.o)
 .data          0x00000000        0x0 c:/program files (x86)/atollic/truestudio for stm32 9.3.0/armtools/bin/../lib/gcc/arm-atollic-eabi/6.3.1/armv6-m\libgcc.a(_divsi3.o)
 .bss           0x00000000        0x0 c:/program files (x86)/atollic/truestudio for stm32 9.3.0/armtools/bin/../lib/gcc/arm-atollic-eabi/6.3.1/armv6-m\libgcc.a(_divsi3.o)
 .data          0x00000000        0x0 c:/program files (x86)/atollic/truestudio for stm32 9.3.0/armtools/bin/../lib/gcc/arm-atollic-eabi/6.3.1/armv6-m\libgcc.a(_dvmd_tls.o)
 .bss           0x00000000        0x0 c:/program files (x86)/atollic/truestudio for stm32 9.3.0/armtools/bin/../lib/gcc/arm-atollic-eabi/6.3.1/armv6-m\libgcc.a(_dvmd_tls.o)
 .text          0x00000000        0x0 c:/program files (x86)/atollic/truestudio for stm32 9.3.0/armtools/bin/../lib/gcc/arm-atollic-eabi/6.3.1/../../../../arm-atollic-eabi/lib/armv6-m\libnosys.a(write.o)
 .data          0x00000000        0x0 c:/program files (x86)/atollic/truestudio for stm32 9.3.0/armtools/bin/../lib/gcc/arm-atollic-eabi/6.3.1/../../../../arm-atollic-eabi/lib/armv6-m\libnosys.a(write.o)
 .bss           0x00000000        0x0 c:/program files (x86)/atollic/truestudio for stm32 9.3.0/armtools/bin/../lib/gcc/arm-atollic-eabi/6.3.1/../../../../arm-atollic-eabi/lib/armv6-m\libnosys.a(write.o)
 .stab          0x00000000       0x24 c:/program files (x86)/atollic/truestudio for stm32 9.3.0/armtools/bin/../lib/gcc/arm-atollic-eabi/6.3.1/../../../../arm-atollic-eabi/lib/armv6-m\libnosys.a(write.o)
 .text._write   0x00000000       0x10 c:/program files (x86)/atollic/truestudio for stm32 9.3.0/armtools/bin/../lib/gcc/arm-atollic-eabi/6.3.1/../../../../arm-atollic-eabi/lib/armv6-m\libnosys.a(write.o)
 .debug_frame   0x00000000       0x20 c:/program files (x86)/atollic/truestudio for stm32 9.3.0/armtools/bin/../lib/gcc/arm-atollic-eabi/6.3.1/../../../../arm-atollic-eabi/lib/armv6-m\libnosys.a(write.o)
 .ARM.attributes
                0x00000000       0x2c c:/program files (x86)/atollic/truestudio for stm32 9.3.0/armtools/bin/../lib/gcc/arm-atollic-eabi/6.3.1/../../../../arm-atollic-eabi/lib/armv6-m\libnosys.a(write.o)
 .text          0x00000000        0x0 c:/program files (x86)/atollic/truestudio for stm32 9.3.0/armtools/bin/../lib/gcc/arm-atollic-eabi/6.3.1/../../../../arm-atollic-eabi/lib/armv6-m\libnosys.a(errno.o)
 .data          0x00000000        0x0 c:/program files (x86)/atollic/truestudio for stm32 9.3.0/armtools/bin/../lib/gcc/arm-atollic-eabi/6.3.1/../../../../arm-atollic-eabi/lib/armv6-m\libnosys.a(errno.o)
 .bss           0x00000000        0x0 c:/program files (x86)/atollic/truestudio for stm32 9.3.0/armtools/bin/../lib/gcc/arm-atollic-eabi/6.3.1/../../../../arm-atollic-eabi/lib/armv6-m\libnosys.a(errno.o)
 .ARM.attributes
                0x00000000       0x2c c:/program files (x86)/atollic/truestudio for stm32 9.3.0/armtools/bin/../lib/gcc/arm-atollic-eabi/6.3.1/../../../../arm-atollic-eabi/lib/armv6-m\libnosys.a(errno.o)
 COMMON         0x00000000        0x4 c:/program files (x86)/atollic/truestudio for stm32 9.3.0/armtools/bin/../lib/gcc/arm-atollic-eabi/6.3.1/../../../../arm-atollic-eabi/lib/armv6-m\libnosys.a(errno.o)
 .text          0x00000000        0x0 c:/program files (x86)/atollic/truestudio for stm32 9.3.0/armtools/bin/../lib/gcc/arm-atollic-eabi/6.3.1/armv6-m/crtend.o
 .data          0x00000000        0x0 c:/program files (x86)/atollic/truestudio for stm32 9.3.0/armtools/bin/../lib/gcc/arm-atollic-eabi/6.3.1/armv6-m/crtend.o
 .bss           0x00000000        0x0 c:/program files (x86)/atollic/truestudio for stm32 9.3.0/armtools/bin/../lib/gcc/arm-atollic-eabi/6.3.1/armv6-m/crtend.o
 .eh_frame      0x00000000        0x4 c:/program files (x86)/atollic/truestudio for stm32 9.3.0/armtools/bin/../lib/gcc/arm-atollic-eabi/6.3.1/armv6-m/crtend.o
 .ARM.attributes
                0x00000000       0x2c c:/program files (x86)/atollic/truestudio for stm32 9.3.0/armtools/bin/../lib/gcc/arm-atollic-eabi/6.3.1/armv6-m/crtend.o
 .text          0x00000000        0x0 c:/program files (x86)/atollic/truestudio for stm32 9.3.0/armtools/bin/../lib/gcc/arm-atollic-eabi/6.3.1/armv6-m/crtn.o
 .data          0x00000000        0x0 c:/program files (x86)/atollic/truestudio for stm32 9.3.0/armtools/bin/../lib/gcc/arm-atollic-eabi/6.3.1/armv6-m/crtn.o
 .bss           0x00000000        0x0 c:/program files (x86)/atollic/truestudio for stm32 9.3.0/armtools/bin/../lib/gcc/arm-atollic-eabi/6.3.1/armv6-m/crtn.o

Memory Configuration

Name             Origin             Length             Attributes
FLASH            0x08000000         0x00008000         xr
RAM              0x20000000         0x00002000         xrw
MEMORY_B1        0x60000000         0x00000000         xr
*default*        0x00000000         0xffffffff

Linker script and memory map

LOAD c:/program files (x86)/atollic/truestudio for stm32 9.3.0/armtools/bin/../lib/gcc/arm-atollic-eabi/6.3.1/armv6-m/crti.o
LOAD c:/program files (x86)/atollic/truestudio for stm32 9.3.0/armtools/bin/../lib/gcc/arm-atollic-eabi/6.3.1/armv6-m/crtbegin.o
LOAD src\main.o
LOAD src\startup_stm32f051x8.o
LOAD src\system_stm32f0xx.o
LOAD src\tiny_printf.o
                0x00000080                malloc_getpagesize_P = 0x80
START GROUP
LOAD c:/program files (x86)/atollic/truestudio for stm32 9.3.0/armtools/bin/../lib/gcc/arm-atollic-eabi/6.3.1/../../../../arm-atollic-eabi/lib/armv6-m\libc_nano.a
LOAD c:/program files (x86)/atollic/truestudio for stm32 9.3.0/armtools/bin/../lib/gcc/arm-atollic-eabi/6.3.1/../../../../arm-atollic-eabi/lib/armv6-m\libm.a
END GROUP
START GROUP
LOAD c:/program files (x86)/atollic/truestudio for stm32 9.3.0/armtools/bin/../lib/gcc/arm-atollic-eabi/6.3.1/armv6-m\libgcc.a
LOAD c:/program files (x86)/atollic/truestudio for stm32 9.3.0/armtools/bin/../lib/gcc/arm-atollic-eabi/6.3.1/../../../../arm-atollic-eabi/lib/armv6-m\libc_nano.a
END GROUP
START GROUP
LOAD c:/program files (x86)/atollic/truestudio for stm32 9.3.0/armtools/bin/../lib/gcc/arm-atollic-eabi/6.3.1/armv6-m\libgcc.a
LOAD c:/program files (x86)/atollic/truestudio for stm32 9.3.0/armtools/bin/../lib/gcc/arm-atollic-eabi/6.3.1/../../../../arm-atollic-eabi/lib/armv6-m\libc_nano.a
LOAD c:/program files (x86)/atollic/truestudio for stm32 9.3.0/armtools/bin/../lib/gcc/arm-atollic-eabi/6.3.1/../../../../arm-atollic-eabi/lib/armv6-m\libnosys.a
END GROUP
START GROUP
LOAD c:/program files (x86)/atollic/truestudio for stm32 9.3.0/armtools/bin/../lib/gcc/arm-atollic-eabi/6.3.1/armv6-m\libgcc.a
LOAD c:/program files (x86)/atollic/truestudio for stm32 9.3.0/armtools/bin/../lib/gcc/arm-atollic-eabi/6.3.1/../../../../arm-atollic-eabi/lib/armv6-m\libc_nano.a
LOAD c:/program files (x86)/atollic/truestudio for stm32 9.3.0/armtools/bin/../lib/gcc/arm-atollic-eabi/6.3.1/../../../../arm-atollic-eabi/lib/armv6-m\libnosys.a
END GROUP
LOAD c:/program files (x86)/atollic/truestudio for stm32 9.3.0/armtools/bin/../lib/gcc/arm-atollic-eabi/6.3.1/armv6-m/crtend.o
LOAD c:/program files (x86)/atollic/truestudio for stm32 9.3.0/armtools/bin/../lib/gcc/arm-atollic-eabi/6.3.1/armv6-m/crtn.o
                0x20002000                _estack = 0x20002000
                0x00000000                _Min_Heap_Size = 0x0
                0x00000080                _Min_Stack_Size = 0x80

.isr_vector     0x08000000       0xc0
                0x08000000                . = ALIGN (0x4)
 *(.isr_vector)
 .isr_vector    0x08000000       0xc0 src\startup_stm32f051x8.o
                0x08000000                g_pfnVectors
                0x080000c0                . = ALIGN (0x4)

.text           0x080000c0      0x8e8
                0x080000c0                . = ALIGN (0x4)
 *(.text)
 .text          0x080000c0       0x48 c:/program files (x86)/atollic/truestudio for stm32 9.3.0/armtools/bin/../lib/gcc/arm-atollic-eabi/6.3.1/armv6-m/crtbegin.o
 .text          0x08000108      0x1d4 c:/program files (x86)/atollic/truestudio for stm32 9.3.0/armtools/bin/../lib/gcc/arm-atollic-eabi/6.3.1/armv6-m\libgcc.a(_divsi3.o)
                0x08000108                __divsi3
                0x08000108                __aeabi_idiv
                0x080002d4                __aeabi_idivmod
 .text          0x080002dc        0x4 c:/program files (x86)/atollic/truestudio for stm32 9.3.0/armtools/bin/../lib/gcc/arm-atollic-eabi/6.3.1/armv6-m\libgcc.a(_dvmd_tls.o)
                0x080002dc                __aeabi_idiv0
                0x080002dc                __aeabi_ldiv0
 *(.text*)
 .text.NVIC_EnableIRQ
                0x080002e0       0x2c src\main.o
 .text.main     0x0800030c       0x26 src\main.o
                0x0800030c                main
 *fill*         0x08000332        0x2 
 .text.init_push_buttons
                0x08000334       0xb0 src\main.o
                0x08000334                init_push_buttons
 .text.init_leds
                0x080003e4       0x4c src\main.o
                0x080003e4                init_leds
 .text.init_TIM6
                0x08000430       0x5c src\main.o
                0x08000430                init_TIM6
 .text.TIM6_DAC_IRQHandler
                0x0800048c       0x78 src\main.o
                0x0800048c                TIM6_DAC_IRQHandler
 .text.init_PWM
                0x08000504       0xd8 src\main.o
                0x08000504                init_PWM
 .text.init_EXTI
                0x080005dc       0xd4 src\main.o
                0x080005dc                init_EXTI
 .text.EXTI0_1_IRQHandler
                0x080006b0       0x24 src\main.o
                0x080006b0                EXTI0_1_IRQHandler
 .text.EXTI2_3_IRQHandler
                0x080006d4       0x24 src\main.o
                0x080006d4                EXTI2_3_IRQHandler
 .text.EXTI4_15_IRQHandler
                0x080006f8       0x24 src\main.o
                0x080006f8                EXTI4_15_IRQHandler
 .text.forward  0x0800071c       0x48 src\main.o
                0x0800071c                forward
 .text.stop     0x08000764       0x78 src\main.o
                0x08000764                stop
 .text.turn_left
                0x080007dc       0x48 src\main.o
                0x080007dc                turn_left
 .text.turn_right
                0x08000824       0x48 src\main.o
                0x08000824                turn_right
 .text.Reset_Handler
                0x0800086c       0x50 src\startup_stm32f051x8.o
                0x0800086c                Reset_Handler
 .text.Default_Handler
                0x080008bc        0x2 src\startup_stm32f051x8.o
                0x080008bc                TIM1_CC_IRQHandler
                0x080008bc                TSC_IRQHandler
                0x080008bc                HardFault_Handler
                0x080008bc                ADC1_COMP_IRQHandler
                0x080008bc                SysTick_Handler
                0x080008bc                PVD_IRQHandler
                0x080008bc                PendSV_Handler
                0x080008bc                NMI_Handler
                0x080008bc                I2C1_IRQHandler
                0x080008bc                RCC_CRS_IRQHandler
                0x080008bc                SPI1_IRQHandler
                0x080008bc                I2C2_IRQHandler
                0x080008bc                TIM17_IRQHandler
                0x080008bc                CEC_CAN_IRQHandler
                0x080008bc                RTC_IRQHandler
                0x080008bc                TIM16_IRQHandler
                0x080008bc                TIM3_IRQHandler
                0x080008bc                DMA1_Channel1_IRQHandler
                0x080008bc                Default_Handler
                0x080008bc                TIM14_IRQHandler
                0x080008bc                DMA1_Channel4_5_IRQHandler
                0x080008bc                TIM15_IRQHandler
                0x080008bc                SPI2_IRQHandler
                0x080008bc                SVC_Handler
                0x080008bc                WWDG_IRQHandler
                0x080008bc                TIM2_IRQHandler
                0x080008bc                DMA1_Channel2_3_IRQHandler
                0x080008bc                USART2_IRQHandler
                0x080008bc                FLASH_IRQHandler
                0x080008bc                USART1_IRQHandler
                0x080008bc                TIM1_BRK_UP_TRG_COM_IRQHandler
 *fill*         0x080008be        0x2 
 .text.SystemInit
                0x080008c0       0x88 src\system_stm32f0xx.o
                0x080008c0                SystemInit
 .text.__libc_init_array
                0x08000948       0x48 c:/program files (x86)/atollic/truestudio for stm32 9.3.0/armtools/bin/../lib/gcc/arm-atollic-eabi/6.3.1/../../../../arm-atollic-eabi/lib/armv6-m\libc_nano.a(lib_a-init.o)
                0x08000948                __libc_init_array
 *(.glue_7)
 .glue_7        0x08000990        0x0 linker stubs
 *(.glue_7t)
 .glue_7t       0x08000990        0x0 linker stubs
 *(.eh_frame)
 .eh_frame      0x08000990        0x0 c:/program files (x86)/atollic/truestudio for stm32 9.3.0/armtools/bin/../lib/gcc/arm-atollic-eabi/6.3.1/armv6-m/crtbegin.o
 *(.init)
 .init          0x08000990        0x4 c:/program files (x86)/atollic/truestudio for stm32 9.3.0/armtools/bin/../lib/gcc/arm-atollic-eabi/6.3.1/armv6-m/crti.o
                0x08000990                _init
 .init          0x08000994        0x8 c:/program files (x86)/atollic/truestudio for stm32 9.3.0/armtools/bin/../lib/gcc/arm-atollic-eabi/6.3.1/armv6-m/crtn.o
 *(.fini)
 .fini          0x0800099c        0x4 c:/program files (x86)/atollic/truestudio for stm32 9.3.0/armtools/bin/../lib/gcc/arm-atollic-eabi/6.3.1/armv6-m/crti.o
                0x0800099c                _fini
 .fini          0x080009a0        0x8 c:/program files (x86)/atollic/truestudio for stm32 9.3.0/armtools/bin/../lib/gcc/arm-atollic-eabi/6.3.1/armv6-m/crtn.o
                0x080009a8                . = ALIGN (0x4)
                0x080009a8                _etext = .

.vfp11_veneer   0x080009a8        0x0
 .vfp11_veneer  0x080009a8        0x0 linker stubs

.v4_bx          0x080009a8        0x0
 .v4_bx         0x080009a8        0x0 linker stubs

.iplt           0x080009a8        0x0
 .iplt          0x080009a8        0x0 c:/program files (x86)/atollic/truestudio for stm32 9.3.0/armtools/bin/../lib/gcc/arm-atollic-eabi/6.3.1/armv6-m/crtbegin.o

.rel.dyn        0x080009a8        0x0
 .rel.iplt      0x080009a8        0x0 c:/program files (x86)/atollic/truestudio for stm32 9.3.0/armtools/bin/../lib/gcc/arm-atollic-eabi/6.3.1/armv6-m/crtbegin.o

.rodata         0x080009a8        0x0
                0x080009a8                . = ALIGN (0x4)
 *(.rodata)
 *(.rodata*)
                0x080009a8                . = ALIGN (0x4)

.ARM.extab
 *(.ARM.extab* .gnu.linkonce.armextab.*)

.ARM            0x080009a8        0x0
                0x080009a8                __exidx_start = .
 *(.ARM.exidx*)
                0x080009a8                __exidx_end = .

.preinit_array  0x080009a8        0x0
                0x080009a8                PROVIDE (__preinit_array_start, .)
 *(.preinit_array*)
                0x080009a8                PROVIDE (__preinit_array_end, .)

.init_array     0x080009a8        0x4
                0x080009a8                PROVIDE (__init_array_start, .)
 *(SORT(.init_array.*))
 *(.init_array*)
 .init_array    0x080009a8        0x4 c:/program files (x86)/atollic/truestudio for stm32 9.3.0/armtools/bin/../lib/gcc/arm-atollic-eabi/6.3.1/armv6-m/crtbegin.o
                0x080009ac                PROVIDE (__init_array_end, .)

.fini_array     0x080009ac        0x4
                [!provide]                PROVIDE (__fini_array_start, .)
 *(SORT(.fini_array.*))
 *(.fini_array*)
 .fini_array    0x080009ac        0x4 c:/program files (x86)/atollic/truestudio for stm32 9.3.0/armtools/bin/../lib/gcc/arm-atollic-eabi/6.3.1/armv6-m/crtbegin.o
                [!provide]                PROVIDE (__fini_array_end, .)
                0x080009b0                _sidata = LOADADDR (.data)

.data           0x20000000        0x4 load address 0x080009b0
                0x20000000                . = ALIGN (0x4)
                0x20000000                _sdata = .
 *(.data)
 *(.data*)
 .data.pwm      0x20000000        0x4 src\main.o
                0x20000000                pwm
                0x20000004                . = ALIGN (0x4)
                0x20000004                _edata = .

.igot.plt       0x20000004        0x0 load address 0x080009b4
 .igot.plt      0x20000004        0x0 c:/program files (x86)/atollic/truestudio for stm32 9.3.0/armtools/bin/../lib/gcc/arm-atollic-eabi/6.3.1/armv6-m/crtbegin.o
                0x20000004                . = ALIGN (0x4)

.bss            0x20000004       0x20 load address 0x080009b4
                0x20000004                _sbss = .
                0x20000004                __bss_start__ = _sbss
 *(.bss)
 .bss           0x20000004       0x1c c:/program files (x86)/atollic/truestudio for stm32 9.3.0/armtools/bin/../lib/gcc/arm-atollic-eabi/6.3.1/armv6-m/crtbegin.o
 *(.bss*)
 .bss.mode      0x20000020        0x4 src\main.o
                0x20000020                mode
 *(COMMON)
                0x20000024                . = ALIGN (0x4)
                0x20000024                _ebss = .
                0x20000024                __bss_end__ = _ebss

._user_heap_stack
                0x20000024       0x80 load address 0x080009b4
                0x20000024                . = ALIGN (0x4)
                [!provide]                PROVIDE (end, .)
                [!provide]                PROVIDE (_end, .)
                0x20000024                . = (. + _Min_Heap_Size)
                0x200000a4                . = (. + _Min_Stack_Size)
 *fill*         0x20000024       0x80 
                0x200000a4                . = ALIGN (0x4)

.memory_b1_text
 *(.mb1text)
 *(.mb1text*)
 *(.mb1rodata)
 *(.mb1rodata*)

/DISCARD/
 libc.a(*)
 libm.a(*)
 libgcc.a(*)

.ARM.attributes
                0x00000000       0x28
 *(.ARM.attributes)
 .ARM.attributes
                0x00000000       0x1e c:/program files (x86)/atollic/truestudio for stm32 9.3.0/armtools/bin/../lib/gcc/arm-atollic-eabi/6.3.1/armv6-m/crti.o
 .ARM.attributes
                0x0000001e       0x2c c:/program files (x86)/atollic/truestudio for stm32 9.3.0/armtools/bin/../lib/gcc/arm-atollic-eabi/6.3.1/armv6-m/crtbegin.o
 .ARM.attributes
                0x0000004a       0x31 src\main.o
 .ARM.attributes
                0x0000007b       0x21 src\startup_stm32f051x8.o
 .ARM.attributes
                0x0000009c       0x31 src\system_stm32f0xx.o
 .ARM.attributes
                0x000000cd       0x2c c:/program files (x86)/atollic/truestudio for stm32 9.3.0/armtools/bin/../lib/gcc/arm-atollic-eabi/6.3.1/../../../../arm-atollic-eabi/lib/armv6-m\libc_nano.a(lib_a-init.o)
 .ARM.attributes
                0x000000f9       0x1e c:/program files (x86)/atollic/truestudio for stm32 9.3.0/armtools/bin/../lib/gcc/arm-atollic-eabi/6.3.1/armv6-m\libgcc.a(_divsi3.o)
 .ARM.attributes
                0x00000117       0x1e c:/program files (x86)/atollic/truestudio for stm32 9.3.0/armtools/bin/../lib/gcc/arm-atollic-eabi/6.3.1/armv6-m\libgcc.a(_dvmd_tls.o)
 .ARM.attributes
                0x00000135       0x1e c:/program files (x86)/atollic/truestudio for stm32 9.3.0/armtools/bin/../lib/gcc/arm-atollic-eabi/6.3.1/armv6-m/crtn.o
OUTPUT(EEE3096S Final project.elf elf32-littlearm)

.debug_info     0x00000000      0xa83
 .debug_info    0x00000000      0x7a2 src\main.o
 .debug_info    0x000007a2       0x97 src\startup_stm32f051x8.o
 .debug_info    0x00000839      0x24a src\system_stm32f0xx.o

.debug_abbrev   0x00000000      0x2cd
 .debug_abbrev  0x00000000      0x1be src\main.o
 .debug_abbrev  0x000001be       0x12 src\startup_stm32f051x8.o
 .debug_abbrev  0x000001d0       0xfd src\system_stm32f0xx.o

.debug_aranges  0x00000000       0xe0
 .debug_aranges
                0x00000000       0x90 src\main.o
 .debug_aranges
                0x00000090       0x28 src\startup_stm32f051x8.o
 .debug_aranges
                0x000000b8       0x28 src\system_stm32f0xx.o

.debug_ranges   0x00000000       0xb8
 .debug_ranges  0x00000000       0x80 src\main.o
 .debug_ranges  0x00000080       0x20 src\startup_stm32f051x8.o
 .debug_ranges  0x000000a0       0x18 src\system_stm32f0xx.o

.debug_line     0x00000000      0x559
 .debug_line    0x00000000      0x322 src\main.o
 .debug_line    0x00000322       0x7f src\startup_stm32f051x8.o
 .debug_line    0x000003a1      0x1b8 src\system_stm32f0xx.o

.debug_str      0x00000000      0x5e9
 .debug_str     0x00000000      0x58f src\main.o
                                0x5e1 (size before relaxing)
 .debug_str     0x0000058f       0x5a src\system_stm32f0xx.o
                                0x286 (size before relaxing)

.comment        0x00000000       0x7c
 .comment       0x00000000       0x7c src\main.o
                                 0x7d (size before relaxing)
 .comment       0x0000007c       0x7d src\system_stm32f0xx.o

.debug_frame    0x00000000      0x258
 .debug_frame   0x00000000      0x1c0 src\main.o
 .debug_frame   0x000001c0       0x4c src\system_stm32f0xx.o
 .debug_frame   0x0000020c       0x2c c:/program files (x86)/atollic/truestudio for stm32 9.3.0/armtools/bin/../lib/gcc/arm-atollic-eabi/6.3.1/../../../../arm-atollic-eabi/lib/armv6-m\libc_nano.a(lib_a-init.o)
 .debug_frame   0x00000238       0x20 c:/program files (x86)/atollic/truestudio for stm32 9.3.0/armtools/bin/../lib/gcc/arm-atollic-eabi/6.3.1/armv6-m\libgcc.a(_divsi3.o)

.stabstr        0x00000000       0x3f
 .stabstr       0x00000000       0x3f c:/program files (x86)/atollic/truestudio for stm32 9.3.0/armtools/bin/../lib/gcc/arm-atollic-eabi/6.3.1/../../../../arm-atollic-eabi/lib/armv6-m\libnosys.a(write.o)

Cross Reference Table

Symbol                                            File
ADC1_COMP_IRQHandler                              src\startup_stm32f051x8.o
AHBPrescTable                                     src\system_stm32f0xx.o
APBPrescTable                                     src\system_stm32f0xx.o
CEC_CAN_IRQHandler                                src\startup_stm32f051x8.o
DMA1_Channel1_IRQHandler                          src\startup_stm32f051x8.o
DMA1_Channel2_3_IRQHandler                        src\startup_stm32f051x8.o
DMA1_Channel4_5_IRQHandler                        src\startup_stm32f051x8.o
Default_Handler                                   src\startup_stm32f051x8.o
EXTI0_1_IRQHandler                                src\main.o
EXTI2_3_IRQHandler                                src\main.o
EXTI4_15_IRQHandler                               src\main.o
FLASH_IRQHandler                                  src\startup_stm32f051x8.o
HardFault_Handler                                 src\startup_stm32f051x8.o
I2C1_IRQHandler                                   src\startup_stm32f051x8.o
I2C2_IRQHandler                                   src\startup_stm32f051x8.o
NMI_Handler                                       src\startup_stm32f051x8.o
PVD_IRQHandler                                    src\startup_stm32f051x8.o
PendSV_Handler                                    src\startup_stm32f051x8.o
RCC_CRS_IRQHandler                                src\startup_stm32f051x8.o
RTC_IRQHandler                                    src\startup_stm32f051x8.o
Reset_Handler                                     src\startup_stm32f051x8.o
SPI1_IRQHandler                                   src\startup_stm32f051x8.o
SPI2_IRQHandler                                   src\startup_stm32f051x8.o
SVC_Handler                                       src\startup_stm32f051x8.o
SysTick_Handler                                   src\startup_stm32f051x8.o
SystemCoreClock                                   src\system_stm32f0xx.o
SystemCoreClockUpdate                             src\system_stm32f0xx.o
SystemInit                                        src\system_stm32f0xx.o
                                                  src\startup_stm32f051x8.o
TIM14_IRQHandler                                  src\startup_stm32f051x8.o
TIM15_IRQHandler                                  src\startup_stm32f051x8.o
TIM16_IRQHandler                                  src\startup_stm32f051x8.o
TIM17_IRQHandler                                  src\startup_stm32f051x8.o
TIM1_BRK_UP_TRG_COM_IRQHandler                    src\startup_stm32f051x8.o
TIM1_CC_IRQHandler                                src\startup_stm32f051x8.o
TIM2_IRQHandler                                   src\startup_stm32f051x8.o
TIM3_IRQHandler                                   src\startup_stm32f051x8.o
TIM6_DAC_IRQHandler                               src\main.o
TSC_IRQHandler                                    src\startup_stm32f051x8.o
USART1_IRQHandler                                 src\startup_stm32f051x8.o
USART2_IRQHandler                                 src\startup_stm32f051x8.o
WWDG_IRQHandler                                   src\startup_stm32f051x8.o
__aeabi_idiv                                      c:/program files (x86)/atollic/truestudio for stm32 9.3.0/armtools/bin/../lib/gcc/arm-atollic-eabi/6.3.1/armv6-m\libgcc.a(_divsi3.o)
                                                  src\tiny_printf.o
__aeabi_idiv0                                     c:/program files (x86)/atollic/truestudio for stm32 9.3.0/armtools/bin/../lib/gcc/arm-atollic-eabi/6.3.1/armv6-m\libgcc.a(_dvmd_tls.o)
                                                  c:/program files (x86)/atollic/truestudio for stm32 9.3.0/armtools/bin/../lib/gcc/arm-atollic-eabi/6.3.1/armv6-m\libgcc.a(_divsi3.o)
                                                  c:/program files (x86)/atollic/truestudio for stm32 9.3.0/armtools/bin/../lib/gcc/arm-atollic-eabi/6.3.1/armv6-m\libgcc.a(_udivsi3.o)
__aeabi_idivmod                                   c:/program files (x86)/atollic/truestudio for stm32 9.3.0/armtools/bin/../lib/gcc/arm-atollic-eabi/6.3.1/armv6-m\libgcc.a(_divsi3.o)
                                                  src\main.o
__aeabi_ldiv0                                     c:/program files (x86)/atollic/truestudio for stm32 9.3.0/armtools/bin/../lib/gcc/arm-atollic-eabi/6.3.1/armv6-m\libgcc.a(_dvmd_tls.o)
__aeabi_uidiv                                     c:/program files (x86)/atollic/truestudio for stm32 9.3.0/armtools/bin/../lib/gcc/arm-atollic-eabi/6.3.1/armv6-m\libgcc.a(_udivsi3.o)
                                                  src\tiny_printf.o
                                                  src\system_stm32f0xx.o
__aeabi_uidivmod                                  c:/program files (x86)/atollic/truestudio for stm32 9.3.0/armtools/bin/../lib/gcc/arm-atollic-eabi/6.3.1/armv6-m\libgcc.a(_udivsi3.o)
                                                  src\tiny_printf.o
__deregister_frame_info                           c:/program files (x86)/atollic/truestudio for stm32 9.3.0/armtools/bin/../lib/gcc/arm-atollic-eabi/6.3.1/armv6-m/crtbegin.o
__divsi3                                          c:/program files (x86)/atollic/truestudio for stm32 9.3.0/armtools/bin/../lib/gcc/arm-atollic-eabi/6.3.1/armv6-m\libgcc.a(_divsi3.o)
__dso_handle                                      c:/program files (x86)/atollic/truestudio for stm32 9.3.0/armtools/bin/../lib/gcc/arm-atollic-eabi/6.3.1/armv6-m/crtbegin.o
__init_array_end                                  c:/program files (x86)/atollic/truestudio for stm32 9.3.0/armtools/bin/../lib/gcc/arm-atollic-eabi/6.3.1/../../../../arm-atollic-eabi/lib/armv6-m\libc_nano.a(lib_a-init.o)
__init_array_start                                c:/program files (x86)/atollic/truestudio for stm32 9.3.0/armtools/bin/../lib/gcc/arm-atollic-eabi/6.3.1/../../../../arm-atollic-eabi/lib/armv6-m\libc_nano.a(lib_a-init.o)
__libc_init_array                                 c:/program files (x86)/atollic/truestudio for stm32 9.3.0/armtools/bin/../lib/gcc/arm-atollic-eabi/6.3.1/../../../../arm-atollic-eabi/lib/armv6-m\libc_nano.a(lib_a-init.o)
                                                  src\startup_stm32f051x8.o
__preinit_array_end                               c:/program files (x86)/atollic/truestudio for stm32 9.3.0/armtools/bin/../lib/gcc/arm-atollic-eabi/6.3.1/../../../../arm-atollic-eabi/lib/armv6-m\libc_nano.a(lib_a-init.o)
__preinit_array_start                             c:/program files (x86)/atollic/truestudio for stm32 9.3.0/armtools/bin/../lib/gcc/arm-atollic-eabi/6.3.1/../../../../arm-atollic-eabi/lib/armv6-m\libc_nano.a(lib_a-init.o)
__register_frame_info                             c:/program files (x86)/atollic/truestudio for stm32 9.3.0/armtools/bin/../lib/gcc/arm-atollic-eabi/6.3.1/armv6-m/crtbegin.o
__udivsi3                                         c:/program files (x86)/atollic/truestudio for stm32 9.3.0/armtools/bin/../lib/gcc/arm-atollic-eabi/6.3.1/armv6-m\libgcc.a(_udivsi3.o)
_ebss                                             src\startup_stm32f051x8.o
_edata                                            src\startup_stm32f051x8.o
_estack                                           src\startup_stm32f051x8.o
_fini                                             c:/program files (x86)/atollic/truestudio for stm32 9.3.0/armtools/bin/../lib/gcc/arm-atollic-eabi/6.3.1/armv6-m/crti.o
_init                                             c:/program files (x86)/atollic/truestudio for stm32 9.3.0/armtools/bin/../lib/gcc/arm-atollic-eabi/6.3.1/armv6-m/crti.o
                                                  c:/program files (x86)/atollic/truestudio for stm32 9.3.0/armtools/bin/../lib/gcc/arm-atollic-eabi/6.3.1/../../../../arm-atollic-eabi/lib/armv6-m\libc_nano.a(lib_a-init.o)
_sbss                                             src\startup_stm32f051x8.o
_sdata                                            src\startup_stm32f051x8.o
_sidata                                           src\startup_stm32f051x8.o
_write                                            c:/program files (x86)/atollic/truestudio for stm32 9.3.0/armtools/bin/../lib/gcc/arm-atollic-eabi/6.3.1/../../../../arm-atollic-eabi/lib/armv6-m\libnosys.a(write.o)
                                                  src\tiny_printf.o
errno                                             c:/program files (x86)/atollic/truestudio for stm32 9.3.0/armtools/bin/../lib/gcc/arm-atollic-eabi/6.3.1/../../../../arm-atollic-eabi/lib/armv6-m\libnosys.a(errno.o)
                                                  c:/program files (x86)/atollic/truestudio for stm32 9.3.0/armtools/bin/../lib/gcc/arm-atollic-eabi/6.3.1/../../../../arm-atollic-eabi/lib/armv6-m\libnosys.a(write.o)
fiprintf                                          src\tiny_printf.o
forward                                           src\main.o
fprintf                                           src\tiny_printf.o
fputs                                             src\tiny_printf.o
fwrite                                            src\tiny_printf.o
g_pfnVectors                                      src\startup_stm32f051x8.o
i                                                 src\main.o
increase                                          src\main.o
init_EXTI                                         src\main.o
init_PWM                                          src\main.o
init_TIM6                                         src\main.o
init_leds                                         src\main.o
init_push_buttons                                 src\main.o
iprintf                                           src\tiny_printf.o
main                                              src\main.o
                                                  src\startup_stm32f051x8.o
mode                                              src\main.o
printf                                            src\tiny_printf.o
puts                                              src\tiny_printf.o
pwm                                               src\main.o
siprintf                                          src\tiny_printf.o
sprintf                                           src\tiny_printf.o
stop                                              src\main.o
strlen                                            c:/program files (x86)/atollic/truestudio for stm32 9.3.0/armtools/bin/../lib/gcc/arm-atollic-eabi/6.3.1/../../../../arm-atollic-eabi/lib/armv6-m\libc_nano.a(lib_a-strlen.o)
                                                  src\tiny_printf.o
ts_formatlength                                   src\tiny_printf.o
ts_formatstring                                   src\tiny_printf.o
ts_itoa                                           src\tiny_printf.o
turn_left                                         src\main.o
turn_right                                        src\main.o
